Component: ARM Compiler 5.06 update 5 (build 528) Tool: armlink [4d35e2]

==============================================================================

Image Symbol Table

    Local Symbols

    Symbol Name                              Value     Ov Type        Size  Object(Section)

    RESET                                    0x00000000   Section      192  startup_hc32l13x.o(RESET)
    ../clib/microlib/division.c              0x00000000   Number         0  idiv.o ABSOLUTE
    ../clib/microlib/division.c              0x00000000   Number         0  uidiv.o ABSOLUTE
    ../clib/microlib/init/entry.s            0x00000000   Number         0  entry8b.o ABSOLUTE
    ../clib/microlib/init/entry.s            0x00000000   Number         0  entry9a.o ABSOLUTE
    ../clib/microlib/init/entry.s            0x00000000   Number         0  entry9b.o ABSOLUTE
    ../clib/microlib/init/entry.s            0x00000000   Number         0  entry10a.o ABSOLUTE
    ../clib/microlib/init/entry.s            0x00000000   Number         0  entry10b.o ABSOLUTE
    ../clib/microlib/init/entry.s            0x00000000   Number         0  entry7b.o ABSOLUTE
    ../clib/microlib/init/entry.s            0x00000000   Number         0  entry11a.o ABSOLUTE
    ../clib/microlib/init/entry.s            0x00000000   Number         0  entry11b.o ABSOLUTE
    ../clib/microlib/init/entry.s            0x00000000   Number         0  entry.o ABSOLUTE
    ../clib/microlib/init/entry.s            0x00000000   Number         0  entry8a.o ABSOLUTE
    ../clib/microlib/init/entry.s            0x00000000   Number         0  entry7a.o ABSOLUTE
    ../clib/microlib/init/entry.s            0x00000000   Number         0  entry5.o ABSOLUTE
    ../clib/microlib/init/entry.s            0x00000000   Number         0  entry2.o ABSOLUTE
    ../clib/microlib/string/memcpy.c         0x00000000   Number         0  memcpya.o ABSOLUTE
    ../clib/microlib/string/memcpy.c         0x00000000   Number         0  memcpyb.o ABSOLUTE
    ../clib/microlib/string/memset.c         0x00000000   Number         0  memseta.o ABSOLUTE
    ../clib/microlib/stubs.s                 0x00000000   Number         0  useno.o ABSOLUTE
    ../clib/microlib/stubs.s                 0x00000000   Number         0  iusefp.o ABSOLUTE
    ../fplib/microlib/fpadd.c                0x00000000   Number         0  fadd.o ABSOLUTE
    ../fplib/microlib/fpdiv.c                0x00000000   Number         0  fdiv.o ABSOLUTE
    ../fplib/microlib/fpepilogue.c           0x00000000   Number         0  fepilogue.o ABSOLUTE
    ../fplib/microlib/fpfix.c                0x00000000   Number         0  ffixui.o ABSOLUTE
    ../fplib/microlib/fpflt.c                0x00000000   Number         0  ffltui.o ABSOLUTE
    ..\\common\\interrupts_hc32l13x.c        0x00000000   Number         0  interrupts_hc32l13x.o ABSOLUTE
    ..\\common\\system_hc32l13x.c            0x00000000   Number         0  system_hc32l13x.o ABSOLUTE
    ..\\driver\\adc.c                        0x00000000   Number         0  adc.o ABSOLUTE
    ..\\driver\\adt.c                        0x00000000   Number         0  adt.o ABSOLUTE
    ..\\driver\\aes.c                        0x00000000   Number         0  aes.o ABSOLUTE
    ..\\driver\\bgr.c                        0x00000000   Number         0  bgr.o ABSOLUTE
    ..\\driver\\bt.c                         0x00000000   Number         0  bt.o ABSOLUTE
    ..\\driver\\crc.c                        0x00000000   Number         0  crc.o ABSOLUTE
    ..\\driver\\ddl.c                        0x00000000   Number         0  ddl.o ABSOLUTE
    ..\\driver\\debug.c                      0x00000000   Number         0  debug.o ABSOLUTE
    ..\\driver\\dmac.c                       0x00000000   Number         0  dmac.o ABSOLUTE
    ..\\driver\\flash.c                      0x00000000   Number         0  flash.o ABSOLUTE
    ..\\driver\\gpio.c                       0x00000000   Number         0  gpio.o ABSOLUTE
    ..\\driver\\hdiv.c                       0x00000000   Number         0  hdiv.o ABSOLUTE
    ..\\driver\\i2c.c                        0x00000000   Number         0  i2c.o ABSOLUTE
    ..\\driver\\lcd.c                        0x00000000   Number         0  lcd.o ABSOLUTE
    ..\\driver\\lpm.c                        0x00000000   Number         0  lpm.o ABSOLUTE
    ..\\driver\\lptim.c                      0x00000000   Number         0  lptim.o ABSOLUTE
    ..\\driver\\lpuart.c                     0x00000000   Number         0  lpuart.o ABSOLUTE
    ..\\driver\\lvd.c                        0x00000000   Number         0  lvd.o ABSOLUTE
    ..\\driver\\opa.c                        0x00000000   Number         0  opa.o ABSOLUTE
    ..\\driver\\pca.c                        0x00000000   Number         0  pca.o ABSOLUTE
    ..\\driver\\pcnt.c                       0x00000000   Number         0  pcnt.o ABSOLUTE
    ..\\driver\\reset.c                      0x00000000   Number         0  reset.o ABSOLUTE
    ..\\driver\\rtc.c                        0x00000000   Number         0  rtc.o ABSOLUTE
    ..\\driver\\spi.c                        0x00000000   Number         0  spi.o ABSOLUTE
    ..\\driver\\sysctrl.c                    0x00000000   Number         0  sysctrl.o ABSOLUTE
    ..\\driver\\trim.c                       0x00000000   Number         0  trim.o ABSOLUTE
    ..\\driver\\trng.c                       0x00000000   Number         0  trng.o ABSOLUTE
    ..\\driver\\uart.c                       0x00000000   Number         0  uart.o ABSOLUTE
    ..\\driver\\vc.c                         0x00000000   Number         0  vc.o ABSOLUTE
    ..\\driver\\wdt.c                        0x00000000   Number         0  wdt.o ABSOLUTE
    ..\\source\\Timer.c                      0x00000000   Number         0  timer.o ABSOLUTE
    ..\\source\\main.c                       0x00000000   Number         0  main.o ABSOLUTE
    ..\common\interrupts_hc32l13x.c          0x00000000   Number         0  interrupts_hc32l13x.o ABSOLUTE
    ..\common\system_hc32l13x.c              0x00000000   Number         0  system_hc32l13x.o ABSOLUTE
    ..\driver\adc.c                          0x00000000   Number         0  adc.o ABSOLUTE
    ..\driver\adt.c                          0x00000000   Number         0  adt.o ABSOLUTE
    ..\driver\aes.c                          0x00000000   Number         0  aes.o ABSOLUTE
    ..\driver\bgr.c                          0x00000000   Number         0  bgr.o ABSOLUTE
    ..\driver\bt.c                           0x00000000   Number         0  bt.o ABSOLUTE
    ..\driver\crc.c                          0x00000000   Number         0  crc.o ABSOLUTE
    ..\driver\ddl.c                          0x00000000   Number         0  ddl.o ABSOLUTE
    ..\driver\debug.c                        0x00000000   Number         0  debug.o ABSOLUTE
    ..\driver\dmac.c                         0x00000000   Number         0  dmac.o ABSOLUTE
    ..\driver\flash.c                        0x00000000   Number         0  flash.o ABSOLUTE
    ..\driver\gpio.c                         0x00000000   Number         0  gpio.o ABSOLUTE
    ..\driver\hdiv.c                         0x00000000   Number         0  hdiv.o ABSOLUTE
    ..\driver\i2c.c                          0x00000000   Number         0  i2c.o ABSOLUTE
    ..\driver\lcd.c                          0x00000000   Number         0  lcd.o ABSOLUTE
    ..\driver\lpm.c                          0x00000000   Number         0  lpm.o ABSOLUTE
    ..\driver\lptim.c                        0x00000000   Number         0  lptim.o ABSOLUTE
    ..\driver\lpuart.c                       0x00000000   Number         0  lpuart.o ABSOLUTE
    ..\driver\lvd.c                          0x00000000   Number         0  lvd.o ABSOLUTE
    ..\driver\opa.c                          0x00000000   Number         0  opa.o ABSOLUTE
    ..\driver\pca.c                          0x00000000   Number         0  pca.o ABSOLUTE
    ..\driver\pcnt.c                         0x00000000   Number         0  pcnt.o ABSOLUTE
    ..\driver\reset.c                        0x00000000   Number         0  reset.o ABSOLUTE
    ..\driver\rtc.c                          0x00000000   Number         0  rtc.o ABSOLUTE
    ..\driver\spi.c                          0x00000000   Number         0  spi.o ABSOLUTE
    ..\driver\sysctrl.c                      0x00000000   Number         0  sysctrl.o ABSOLUTE
    ..\driver\trim.c                         0x00000000   Number         0  trim.o ABSOLUTE
    ..\driver\trng.c                         0x00000000   Number         0  trng.o ABSOLUTE
    ..\driver\uart.c                         0x00000000   Number         0  uart.o ABSOLUTE
    ..\driver\vc.c                           0x00000000   Number         0  vc.o ABSOLUTE
    ..\driver\wdt.c                          0x00000000   Number         0  wdt.o ABSOLUTE
    ..\source\Key.c                          0x00000000   Number         0  key.o ABSOLUTE
    ..\source\LED.c                          0x00000000   Number         0  led.o ABSOLUTE
    ..\source\Serial.c                       0x00000000   Number         0  serial.o ABSOLUTE
    ..\source\Timer.c                        0x00000000   Number         0  timer.o ABSOLUTE
    ..\source\main.c                         0x00000000   Number         0  main.o ABSOLUTE
    dc.s                                     0x00000000   Number         0  dc.o ABSOLUTE
    handlers.s                               0x00000000   Number         0  handlers.o ABSOLUTE
    init.s                                   0x00000000   Number         0  init.o ABSOLUTE
    startup_hc32l13x.s                       0x00000000   Number         0  startup_hc32l13x.o ABSOLUTE
    .ARM.Collect$$$$00000000                 0x000000c0   Section        0  entry.o(.ARM.Collect$$$$00000000)
    .ARM.Collect$$$$00000001                 0x000000c0   Section        4  entry2.o(.ARM.Collect$$$$00000001)
    .ARM.Collect$$$$00000004                 0x000000c4   Section        4  entry5.o(.ARM.Collect$$$$00000004)
    .ARM.Collect$$$$00000008                 0x000000c8   Section        0  entry7b.o(.ARM.Collect$$$$00000008)
    .ARM.Collect$$$$0000000A                 0x000000c8   Section        0  entry8b.o(.ARM.Collect$$$$0000000A)
    .ARM.Collect$$$$0000000B                 0x000000c8   Section        8  entry9a.o(.ARM.Collect$$$$0000000B)
    .ARM.Collect$$$$0000000D                 0x000000d0   Section        0  entry10a.o(.ARM.Collect$$$$0000000D)
    .ARM.Collect$$$$0000000F                 0x000000d0   Section        0  entry11a.o(.ARM.Collect$$$$0000000F)
    .ARM.Collect$$$$00002712                 0x000000d0   Section        4  entry2.o(.ARM.Collect$$$$00002712)
    __lit__00000000                          0x000000d0   Data           4  entry2.o(.ARM.Collect$$$$00002712)
    .text                                    0x000000d4   Section       60  startup_hc32l13x.o(.text)
    .text                                    0x00000110   Section        0  memcpya.o(.text)
    .text                                    0x00000134   Section       36  init.o(.text)
    i.$Sub$$main                             0x00000158   Section        0  system_hc32l13x.o(i.$Sub$$main)
    i.ADC_IRQHandler                         0x00000166   Section        0  interrupts_hc32l13x.o(i.ADC_IRQHandler)
    i.Bt_ClearIntFlag                        0x00000170   Section        0  bt.o(i.Bt_ClearIntFlag)
    i.Bt_GetIntFlag                          0x0000018c   Section        0  bt.o(i.Bt_GetIntFlag)
    i.CLKTRIM_IRQHandler                     0x000001a8   Section        0  interrupts_hc32l13x.o(i.CLKTRIM_IRQHandler)
    i.DMAC_IRQHandler                        0x000001b0   Section        0  interrupts_hc32l13x.o(i.DMAC_IRQHandler)
    i.FLASH_RAM_IRQHandler                   0x000001b8   Section        0  interrupts_hc32l13x.o(i.FLASH_RAM_IRQHandler)
    i.Gpio_WriteOutputIO                     0x000001c4   Section        0  gpio.o(i.Gpio_WriteOutputIO)
    i.HardFault_Handler                      0x000001e0   Section        0  interrupts_hc32l13x.o(i.HardFault_Handler)
    i.I2C0_IRQHandler                        0x000001f0   Section        0  interrupts_hc32l13x.o(i.I2C0_IRQHandler)
    i.I2C1_IRQHandler                        0x000001f8   Section        0  interrupts_hc32l13x.o(i.I2C1_IRQHandler)
    i.LCD_IRQHandler                         0x00000200   Section        0  interrupts_hc32l13x.o(i.LCD_IRQHandler)
    i.LPTIM_IRQHandler                       0x00000208   Section        0  interrupts_hc32l13x.o(i.LPTIM_IRQHandler)
    i.LPUART0_IRQHandler                     0x00000210   Section        0  interrupts_hc32l13x.o(i.LPUART0_IRQHandler)
    i.LPUART1_IRQHandler                     0x00000218   Section        0  interrupts_hc32l13x.o(i.LPUART1_IRQHandler)
    i.LVD_IRQHandler                         0x00000220   Section        0  interrupts_hc32l13x.o(i.LVD_IRQHandler)
    i.PCA_IRQHandler                         0x00000228   Section        0  interrupts_hc32l13x.o(i.PCA_IRQHandler)
    i.PCNT_IRQHandler                        0x00000230   Section        0  interrupts_hc32l13x.o(i.PCNT_IRQHandler)
    i.PORTA_IRQHandler                       0x00000238   Section        0  interrupts_hc32l13x.o(i.PORTA_IRQHandler)
    i.PORTB_IRQHandler                       0x00000240   Section        0  interrupts_hc32l13x.o(i.PORTB_IRQHandler)
    i.PORTC_IRQHandler                       0x00000248   Section        0  interrupts_hc32l13x.o(i.PORTC_IRQHandler)
    i.PORTD_IRQHandler                       0x00000250   Section        0  interrupts_hc32l13x.o(i.PORTD_IRQHandler)
    i.RTC_IRQHandler                         0x00000258   Section        0  interrupts_hc32l13x.o(i.RTC_IRQHandler)
    i.SPI0_IRQHandler                        0x00000260   Section        0  interrupts_hc32l13x.o(i.SPI0_IRQHandler)
    i.SPI1_IRQHandler                        0x00000268   Section        0  interrupts_hc32l13x.o(i.SPI1_IRQHandler)
    i.SetBit                                 0x00000270   Section        0  ddl.o(i.SetBit)
    i.SysTick_Handler                        0x0000028e   Section        0  interrupts_hc32l13x.o(i.SysTick_Handler)
    i.Sysctrl_GetHClkFreq                    0x00000298   Section        0  sysctrl.o(i.Sysctrl_GetHClkFreq)
    i.SystemCoreClockUpdate                  0x0000040c   Section        0  system_hc32l13x.o(i.SystemCoreClockUpdate)
    i.SystemInit                             0x0000041c   Section        0  system_hc32l13x.o(i.SystemInit)
    i.TIM0_IRQHandler                        0x0000045c   Section        0  interrupts_hc32l13x.o(i.TIM0_IRQHandler)
    i.TIM1_IRQHandler                        0x00000464   Section        0  interrupts_hc32l13x.o(i.TIM1_IRQHandler)
    i.TIM2_IRQHandler                        0x0000046c   Section        0  interrupts_hc32l13x.o(i.TIM2_IRQHandler)
    i.TIM3_IRQHandler                        0x00000474   Section        0  interrupts_hc32l13x.o(i.TIM3_IRQHandler)
    i.TIM4_IRQHandler                        0x0000047c   Section        0  interrupts_hc32l13x.o(i.TIM4_IRQHandler)
    i.TIM5_IRQHandler                        0x00000484   Section        0  interrupts_hc32l13x.o(i.TIM5_IRQHandler)
    i.TIM6_IRQHandler                        0x0000048c   Section        0  interrupts_hc32l13x.o(i.TIM6_IRQHandler)
    i.Tim0_IRQHandler                        0x00000494   Section        0  timer.o(i.Tim0_IRQHandler)
    i.UART0_IRQHandler                       0x000004dc   Section        0  interrupts_hc32l13x.o(i.UART0_IRQHandler)
    i.UART1_IRQHandler                       0x000004e4   Section        0  interrupts_hc32l13x.o(i.UART1_IRQHandler)
    i.VC0_IRQHandler                         0x000004ec   Section        0  interrupts_hc32l13x.o(i.VC0_IRQHandler)
    i.VC1_IRQHandler                         0x000004f4   Section        0  interrupts_hc32l13x.o(i.VC1_IRQHandler)
    i.WDT_IRQHandler                         0x000004fc   Section        0  interrupts_hc32l13x.o(i.WDT_IRQHandler)
    i._HidePinInit                           0x00000504   Section        0  system_hc32l13x.o(i._HidePinInit)
    _HidePinInit                             0x00000505   Thumb Code    24  system_hc32l13x.o(i._HidePinInit)
    i.__ARM_common_switch8                   0x00000520   Section        0  adc.o(i.__ARM_common_switch8)
    i.__scatterload_copy                     0x0000053c   Section       14  handlers.o(i.__scatterload_copy)
    i.__scatterload_null                     0x0000054a   Section        2  handlers.o(i.__scatterload_null)
    i.__scatterload_zeroinit                 0x0000054c   Section       14  handlers.o(i.__scatterload_zeroinit)
    i.main                                   0x0000055a   Section        0  main.o(i.main)
    .constdata                               0x00000560   Section       24  sysctrl.o(.constdata)
    .data                                    0x20000000   Section        4  system_hc32l13x.o(.data)
    .data                                    0x20000004   Section        1  timer.o(.data)
    i                                        0x20000004   Data           1  timer.o(.data)
    STACK                                    0x20000008   Section      512  startup_hc32l13x.o(STACK)

    Global Symbols

    Symbol Name                              Value     Ov Type        Size  Object(Section)

    BuildAttributes$$THM_ISAv3M$S$PE$A:L22$X:L11$S22$IEEE1$IW$USESV6$~STKCKD$USESV7$~SHL$OTIME$ROPI$EBA8$MICROLIB$REQ8$PRES8$EABIv2 0x00000000   Number         0  anon$$obj.o ABSOLUTE
    __ARM_use_no_argv                        0x00000000   Number         0  main.o ABSOLUTE
    __Vectors                                0x00000000   Data           0  startup_hc32l13x.o(RESET)
    __use_no_errno                           0x00000000   Number         0  useno.o ABSOLUTE
    __use_no_exception_handling              0x00000000   Number         0  useno.o ABSOLUTE
    __use_no_fp                              0x00000000   Number         0  useno.o ABSOLUTE
    __use_no_heap                            0x00000000   Number         0  useno.o ABSOLUTE
    __use_no_heap_region                     0x00000000   Number         0  useno.o ABSOLUTE
    __use_no_semihosting                     0x00000000   Number         0  useno.o ABSOLUTE
    __use_no_semihosting_swi                 0x00000000   Number         0  useno.o ABSOLUTE
    __use_no_signal_handling                 0x00000000   Number         0  useno.o ABSOLUTE
    Adc_IRQHandler                            - Undefined Weak Reference
    ClkTrim_IRQHandler                        - Undefined Weak Reference
    Dmac_IRQHandler                           - Undefined Weak Reference
    Flash_IRQHandler                          - Undefined Weak Reference
    I2c0_IRQHandler                           - Undefined Weak Reference
    I2c1_IRQHandler                           - Undefined Weak Reference
    Lcd_IRQHandler                            - Undefined Weak Reference
    LpTim_IRQHandler                          - Undefined Weak Reference
    LpUart0_IRQHandler                        - Undefined Weak Reference
    LpUart1_IRQHandler                        - Undefined Weak Reference
    Lvd_IRQHandler                            - Undefined Weak Reference
    Pca_IRQHandler                            - Undefined Weak Reference
    Pcnt_IRQHandler                           - Undefined Weak Reference
    PortA_IRQHandler                          - Undefined Weak Reference
    PortB_IRQHandler                          - Undefined Weak Reference
    PortC_IRQHandler                          - Undefined Weak Reference
    PortD_IRQHandler                          - Undefined Weak Reference
    Ram_IRQHandler                            - Undefined Weak Reference
    Rtc_IRQHandler                            - Undefined Weak Reference
    Spi0_IRQHandler                           - Undefined Weak Reference
    Spi1_IRQHandler                           - Undefined Weak Reference
    SysTick_IRQHandler                        - Undefined Weak Reference
    Tim1_IRQHandler                           - Undefined Weak Reference
    Tim2_IRQHandler                           - Undefined Weak Reference
    Tim3_IRQHandler                           - Undefined Weak Reference
    Tim4_IRQHandler                           - Undefined Weak Reference
    Tim5_IRQHandler                           - Undefined Weak Reference
    Tim6_IRQHandler                           - Undefined Weak Reference
    Uart0_IRQHandler                          - Undefined Weak Reference
    Uart1_IRQHandler                          - Undefined Weak Reference
    Vc0_IRQHandler                            - Undefined Weak Reference
    Vc1_IRQHandler                            - Undefined Weak Reference
    Wdt_IRQHandler                            - Undefined Weak Reference
    __cpp_initialize__aeabi_                  - Undefined Weak Reference
    __cxa_finalize                            - Undefined Weak Reference
    __decompress                              - Undefined Weak Reference
    _clock_init                               - Undefined Weak Reference
    _microlib_exit                            - Undefined Weak Reference
    __Vectors_End                            0x000000c0   Data           0  startup_hc32l13x.o(RESET)
    __Vectors_Size                           0x000000c0   Number         0  startup_hc32l13x.o ABSOLUTE
    __main                                   0x000000c1   Thumb Code     0  entry.o(.ARM.Collect$$$$00000000)
    _main_stk                                0x000000c1   Thumb Code     0  entry2.o(.ARM.Collect$$$$00000001)
    _main_scatterload                        0x000000c5   Thumb Code     0  entry5.o(.ARM.Collect$$$$00000004)
    __main_after_scatterload                 0x000000c9   Thumb Code     0  entry5.o(.ARM.Collect$$$$00000004)
    _main_clock                              0x000000c9   Thumb Code     0  entry7b.o(.ARM.Collect$$$$00000008)
    _main_cpp_init                           0x000000c9   Thumb Code     0  entry8b.o(.ARM.Collect$$$$0000000A)
    _main_init                               0x000000c9   Thumb Code     0  entry9a.o(.ARM.Collect$$$$0000000B)
    __rt_final_cpp                           0x000000d1   Thumb Code     0  entry10a.o(.ARM.Collect$$$$0000000D)
    __rt_final_exit                          0x000000d1   Thumb Code     0  entry11a.o(.ARM.Collect$$$$0000000F)
    Reset_Handler                            0x000000d5   Thumb Code    26  startup_hc32l13x.o(.text)
    NMI_Handler                              0x000000ef   Thumb Code     2  startup_hc32l13x.o(.text)
    SVC_Handler                              0x000000f3   Thumb Code     2  startup_hc32l13x.o(.text)
    PendSV_Handler                           0x000000f5   Thumb Code     2  startup_hc32l13x.o(.text)
    __aeabi_memcpy                           0x00000111   Thumb Code    36  memcpya.o(.text)
    __aeabi_memcpy4                          0x00000111   Thumb Code     0  memcpya.o(.text)
    __aeabi_memcpy8                          0x00000111   Thumb Code     0  memcpya.o(.text)
    __scatterload                            0x00000135   Thumb Code    28  init.o(.text)
    __scatterload_rt2                        0x00000135   Thumb Code     0  init.o(.text)
    main                                     0x00000159   Thumb Code    14  system_hc32l13x.o(i.$Sub$$main)
    ADC_IRQHandler                           0x00000167   Thumb Code     8  interrupts_hc32l13x.o(i.ADC_IRQHandler)
    Bt_ClearIntFlag                          0x00000171   Thumb Code    22  bt.o(i.Bt_ClearIntFlag)
    Bt_GetIntFlag                            0x0000018d   Thumb Code    24  bt.o(i.Bt_GetIntFlag)
    CLKTRIM_IRQHandler                       0x000001a9   Thumb Code     8  interrupts_hc32l13x.o(i.CLKTRIM_IRQHandler)
    DMAC_IRQHandler                          0x000001b1   Thumb Code     8  interrupts_hc32l13x.o(i.DMAC_IRQHandler)
    FLASH_RAM_IRQHandler                     0x000001b9   Thumb Code    12  interrupts_hc32l13x.o(i.FLASH_RAM_IRQHandler)
    Gpio_WriteOutputIO                       0x000001c5   Thumb Code    24  gpio.o(i.Gpio_WriteOutputIO)
    HardFault_Handler                        0x000001e1   Thumb Code    16  interrupts_hc32l13x.o(i.HardFault_Handler)
    I2C0_IRQHandler                          0x000001f1   Thumb Code     8  interrupts_hc32l13x.o(i.I2C0_IRQHandler)
    I2C1_IRQHandler                          0x000001f9   Thumb Code     8  interrupts_hc32l13x.o(i.I2C1_IRQHandler)
    LCD_IRQHandler                           0x00000201   Thumb Code     8  interrupts_hc32l13x.o(i.LCD_IRQHandler)
    LPTIM_IRQHandler                         0x00000209   Thumb Code     8  interrupts_hc32l13x.o(i.LPTIM_IRQHandler)
    LPUART0_IRQHandler                       0x00000211   Thumb Code     8  interrupts_hc32l13x.o(i.LPUART0_IRQHandler)
    LPUART1_IRQHandler                       0x00000219   Thumb Code     8  interrupts_hc32l13x.o(i.LPUART1_IRQHandler)
    LVD_IRQHandler                           0x00000221   Thumb Code     8  interrupts_hc32l13x.o(i.LVD_IRQHandler)
    PCA_IRQHandler                           0x00000229   Thumb Code     8  interrupts_hc32l13x.o(i.PCA_IRQHandler)
    PCNT_IRQHandler                          0x00000231   Thumb Code     8  interrupts_hc32l13x.o(i.PCNT_IRQHandler)
    PORTA_IRQHandler                         0x00000239   Thumb Code     8  interrupts_hc32l13x.o(i.PORTA_IRQHandler)
    PORTB_IRQHandler                         0x00000241   Thumb Code     8  interrupts_hc32l13x.o(i.PORTB_IRQHandler)
    PORTC_IRQHandler                         0x00000249   Thumb Code     8  interrupts_hc32l13x.o(i.PORTC_IRQHandler)
    PORTD_IRQHandler                         0x00000251   Thumb Code     8  interrupts_hc32l13x.o(i.PORTD_IRQHandler)
    RTC_IRQHandler                           0x00000259   Thumb Code     8  interrupts_hc32l13x.o(i.RTC_IRQHandler)
    SPI0_IRQHandler                          0x00000261   Thumb Code     8  interrupts_hc32l13x.o(i.SPI0_IRQHandler)
    SPI1_IRQHandler                          0x00000269   Thumb Code     8  interrupts_hc32l13x.o(i.SPI1_IRQHandler)
    SetBit                                   0x00000271   Thumb Code    30  ddl.o(i.SetBit)
    SysTick_Handler                          0x0000028f   Thumb Code     8  interrupts_hc32l13x.o(i.SysTick_Handler)
    Sysctrl_GetHClkFreq                      0x00000299   Thumb Code   354  sysctrl.o(i.Sysctrl_GetHClkFreq)
    SystemCoreClockUpdate                    0x0000040d   Thumb Code    12  system_hc32l13x.o(i.SystemCoreClockUpdate)
    SystemInit                               0x0000041d   Thumb Code    56  system_hc32l13x.o(i.SystemInit)
    TIM0_IRQHandler                          0x0000045d   Thumb Code     8  interrupts_hc32l13x.o(i.TIM0_IRQHandler)
    TIM1_IRQHandler                          0x00000465   Thumb Code     8  interrupts_hc32l13x.o(i.TIM1_IRQHandler)
    TIM2_IRQHandler                          0x0000046d   Thumb Code     8  interrupts_hc32l13x.o(i.TIM2_IRQHandler)
    TIM3_IRQHandler                          0x00000475   Thumb Code     8  interrupts_hc32l13x.o(i.TIM3_IRQHandler)
    TIM4_IRQHandler                          0x0000047d   Thumb Code     8  interrupts_hc32l13x.o(i.TIM4_IRQHandler)
    TIM5_IRQHandler                          0x00000485   Thumb Code     8  interrupts_hc32l13x.o(i.TIM5_IRQHandler)
    TIM6_IRQHandler                          0x0000048d   Thumb Code     8  interrupts_hc32l13x.o(i.TIM6_IRQHandler)
    Tim0_IRQHandler                          0x00000495   Thumb Code    66  timer.o(i.Tim0_IRQHandler)
    UART0_IRQHandler                         0x000004dd   Thumb Code     8  interrupts_hc32l13x.o(i.UART0_IRQHandler)
    UART1_IRQHandler                         0x000004e5   Thumb Code     8  interrupts_hc32l13x.o(i.UART1_IRQHandler)
    VC0_IRQHandler                           0x000004ed   Thumb Code     8  interrupts_hc32l13x.o(i.VC0_IRQHandler)
    VC1_IRQHandler                           0x000004f5   Thumb Code     8  interrupts_hc32l13x.o(i.VC1_IRQHandler)
    WDT_IRQHandler                           0x000004fd   Thumb Code     8  interrupts_hc32l13x.o(i.WDT_IRQHandler)
    __ARM_common_switch8                     0x00000521   Thumb Code    28  adc.o(i.__ARM_common_switch8)
    __scatterload_copy                       0x0000053d   Thumb Code    14  handlers.o(i.__scatterload_copy)
    __scatterload_null                       0x0000054b   Thumb Code     2  handlers.o(i.__scatterload_null)
    __scatterload_zeroinit                   0x0000054d   Thumb Code    14  handlers.o(i.__scatterload_zeroinit)
    $Super$$main                             0x0000055b   Thumb Code     4  main.o(i.main)
    Region$$Table$$Base                      0x00000578   Number         0  anon$$obj.o(Region$$Table)
    Region$$Table$$Limit                     0x00000598   Number         0  anon$$obj.o(Region$$Table)
    SystemCoreClock                          0x20000000   Data           4  system_hc32l13x.o(.data)
    __initial_sp                             0x20000208   Data           0  startup_hc32l13x.o(STACK)



==============================================================================

Memory Map of the image

  Image Entry point : 0x000000c1

  Load Region LR_IROM1 (Base: 0x00000000, Size: 0x000005a0, Max: 0x00010000, ABSOLUTE)

    Execution Region ER_IROM1 (Exec base: 0x00000000, Load base: 0x00000000, Size: 0x00000598, Max: 0x00010000, ABSOLUTE)

    Exec Addr    Load Addr    Size         Type   Attr      Idx    E Section Name        Object

    0x00000000   0x00000000   0x000000c0   Data   RO            3    RESET               startup_hc32l13x.o
    0x000000c0   0x000000c0   0x00000000   Code   RO         3547  * .ARM.Collect$$$$00000000  mc_p.l(entry.o)
    0x000000c0   0x000000c0   0x00000004   Code   RO         3568    .ARM.Collect$$$$00000001  mc_p.l(entry2.o)
    0x000000c4   0x000000c4   0x00000004   Code   RO         3571    .ARM.Collect$$$$00000004  mc_p.l(entry5.o)
    0x000000c8   0x000000c8   0x00000000   Code   RO         3573    .ARM.Collect$$$$00000008  mc_p.l(entry7b.o)
    0x000000c8   0x000000c8   0x00000000   Code   RO         3575    .ARM.Collect$$$$0000000A  mc_p.l(entry8b.o)
    0x000000c8   0x000000c8   0x00000008   Code   RO         3576    .ARM.Collect$$$$0000000B  mc_p.l(entry9a.o)
    0x000000d0   0x000000d0   0x00000000   Code   RO         3578    .ARM.Collect$$$$0000000D  mc_p.l(entry10a.o)
    0x000000d0   0x000000d0   0x00000000   Code   RO         3580    .ARM.Collect$$$$0000000F  mc_p.l(entry11a.o)
    0x000000d0   0x000000d0   0x00000004   Code   RO         3569    .ARM.Collect$$$$00002712  mc_p.l(entry2.o)
    0x000000d4   0x000000d4   0x0000003c   Code   RO            4    .text               startup_hc32l13x.o
    0x00000110   0x00000110   0x00000024   Code   RO         3554    .text               mc_p.l(memcpya.o)
    0x00000134   0x00000134   0x00000024   Code   RO         3585    .text               mc_p.l(init.o)
    0x00000158   0x00000158   0x0000000e   Code   RO           12    i.$Sub$$main        system_hc32l13x.o
    0x00000166   0x00000166   0x00000008   Code   RO          102    i.ADC_IRQHandler    interrupts_hc32l13x.o
    0x0000016e   0x0000016e   0x00000002   PAD
    0x00000170   0x00000170   0x0000001c   Code   RO         1080    i.Bt_ClearIntFlag   bt.o
    0x0000018c   0x0000018c   0x0000001c   Code   RO         1081    i.Bt_GetIntFlag     bt.o
    0x000001a8   0x000001a8   0x00000008   Code   RO          103    i.CLKTRIM_IRQHandler  interrupts_hc32l13x.o
    0x000001b0   0x000001b0   0x00000008   Code   RO          104    i.DMAC_IRQHandler   interrupts_hc32l13x.o
    0x000001b8   0x000001b8   0x0000000c   Code   RO          106    i.FLASH_RAM_IRQHandler  interrupts_hc32l13x.o
    0x000001c4   0x000001c4   0x0000001c   Code   RO         1921    i.Gpio_WriteOutputIO  gpio.o
    0x000001e0   0x000001e0   0x00000010   Code   RO          107    i.HardFault_Handler  interrupts_hc32l13x.o
    0x000001f0   0x000001f0   0x00000008   Code   RO          108    i.I2C0_IRQHandler   interrupts_hc32l13x.o
    0x000001f8   0x000001f8   0x00000008   Code   RO          109    i.I2C1_IRQHandler   interrupts_hc32l13x.o
    0x00000200   0x00000200   0x00000008   Code   RO          110    i.LCD_IRQHandler    interrupts_hc32l13x.o
    0x00000208   0x00000208   0x00000008   Code   RO          111    i.LPTIM_IRQHandler  interrupts_hc32l13x.o
    0x00000210   0x00000210   0x00000008   Code   RO          112    i.LPUART0_IRQHandler  interrupts_hc32l13x.o
    0x00000218   0x00000218   0x00000008   Code   RO          113    i.LPUART1_IRQHandler  interrupts_hc32l13x.o
    0x00000220   0x00000220   0x00000008   Code   RO          114    i.LVD_IRQHandler    interrupts_hc32l13x.o
    0x00000228   0x00000228   0x00000008   Code   RO          115    i.PCA_IRQHandler    interrupts_hc32l13x.o
    0x00000230   0x00000230   0x00000008   Code   RO          116    i.PCNT_IRQHandler   interrupts_hc32l13x.o
    0x00000238   0x00000238   0x00000008   Code   RO          117    i.PORTA_IRQHandler  interrupts_hc32l13x.o
    0x00000240   0x00000240   0x00000008   Code   RO          118    i.PORTB_IRQHandler  interrupts_hc32l13x.o
    0x00000248   0x00000248   0x00000008   Code   RO          119    i.PORTC_IRQHandler  interrupts_hc32l13x.o
    0x00000250   0x00000250   0x00000008   Code   RO          120    i.PORTD_IRQHandler  interrupts_hc32l13x.o
    0x00000258   0x00000258   0x00000008   Code   RO          121    i.RTC_IRQHandler    interrupts_hc32l13x.o
    0x00000260   0x00000260   0x00000008   Code   RO          122    i.SPI0_IRQHandler   interrupts_hc32l13x.o
    0x00000268   0x00000268   0x00000008   Code   RO          123    i.SPI1_IRQHandler   interrupts_hc32l13x.o
    0x00000270   0x00000270   0x0000001e   Code   RO         1499    i.SetBit            ddl.o
    0x0000028e   0x0000028e   0x00000008   Code   RO          124    i.SysTick_Handler   interrupts_hc32l13x.o
    0x00000296   0x00000296   0x00000002   PAD
    0x00000298   0x00000298   0x00000174   Code   RO         3050    i.Sysctrl_GetHClkFreq  sysctrl.o
    0x0000040c   0x0000040c   0x00000010   Code   RO           13    i.SystemCoreClockUpdate  system_hc32l13x.o
    0x0000041c   0x0000041c   0x00000040   Code   RO           14    i.SystemInit        system_hc32l13x.o
    0x0000045c   0x0000045c   0x00000008   Code   RO          125    i.TIM0_IRQHandler   interrupts_hc32l13x.o
    0x00000464   0x00000464   0x00000008   Code   RO          126    i.TIM1_IRQHandler   interrupts_hc32l13x.o
    0x0000046c   0x0000046c   0x00000008   Code   RO          127    i.TIM2_IRQHandler   interrupts_hc32l13x.o
    0x00000474   0x00000474   0x00000008   Code   RO          128    i.TIM3_IRQHandler   interrupts_hc32l13x.o
    0x0000047c   0x0000047c   0x00000008   Code   RO          129    i.TIM4_IRQHandler   interrupts_hc32l13x.o
    0x00000484   0x00000484   0x00000008   Code   RO          130    i.TIM5_IRQHandler   interrupts_hc32l13x.o
    0x0000048c   0x0000048c   0x00000008   Code   RO          131    i.TIM6_IRQHandler   interrupts_hc32l13x.o
    0x00000494   0x00000494   0x00000048   Code   RO          370    i.Tim0_IRQHandler   timer.o
    0x000004dc   0x000004dc   0x00000008   Code   RO          132    i.UART0_IRQHandler  interrupts_hc32l13x.o
    0x000004e4   0x000004e4   0x00000008   Code   RO          133    i.UART1_IRQHandler  interrupts_hc32l13x.o
    0x000004ec   0x000004ec   0x00000008   Code   RO          134    i.VC0_IRQHandler    interrupts_hc32l13x.o
    0x000004f4   0x000004f4   0x00000008   Code   RO          135    i.VC1_IRQHandler    interrupts_hc32l13x.o
    0x000004fc   0x000004fc   0x00000008   Code   RO          136    i.WDT_IRQHandler    interrupts_hc32l13x.o
    0x00000504   0x00000504   0x0000001c   Code   RO           15    i._HidePinInit      system_hc32l13x.o
    0x00000520   0x00000520   0x0000001c   Code   RO          592    i.__ARM_common_switch8  adc.o
    0x0000053c   0x0000053c   0x0000000e   Code   RO         3589    i.__scatterload_copy  mc_p.l(handlers.o)
    0x0000054a   0x0000054a   0x00000002   Code   RO         3590    i.__scatterload_null  mc_p.l(handlers.o)
    0x0000054c   0x0000054c   0x0000000e   Code   RO         3591    i.__scatterload_zeroinit  mc_p.l(handlers.o)
    0x0000055a   0x0000055a   0x00000004   Code   RO          338    i.main              main.o
    0x0000055e   0x0000055e   0x00000002   PAD
    0x00000560   0x00000560   0x00000018   Data   RO         3070    .constdata          sysctrl.o
    0x00000578   0x00000578   0x00000020   Data   RO         3587    Region$$Table       anon$$obj.o


    Execution Region RW_IRAM1 (Exec base: 0x20000000, Load base: 0x00000598, Size: 0x00000208, Max: 0x00002000, ABSOLUTE)

    Exec Addr    Load Addr    Size         Type   Attr      Idx    E Section Name        Object

    0x20000000   0x00000598   0x00000004   Data   RW           16    .data               system_hc32l13x.o
    0x20000004   0x0000059c   0x00000001   Data   RW          371    .data               timer.o
    0x20000005   0x0000059d   0x00000003   PAD
    0x20000008        -       0x00000200   Zero   RW            1    STACK               startup_hc32l13x.o


==============================================================================

Image component sizes


      Code (inc. data)   RO Data    RW Data    ZI Data      Debug   Object Name

        28          0          0          0          0         76   adc.o
        56         10          0          0          0       1506   bt.o
        30          0          0          0          0        489   ddl.o
        28          4          0          0          0        573   gpio.o
       284          0          0          0          0      14503   interrupts_hc32l13x.o
         4          0          0          0          0        367   main.o
        60         22        192          0        512        592   startup_hc32l13x.o
       372         26         24          0          0       1894   sysctrl.o
       122         16          0          4          0     124640   system_hc32l13x.o
        72          6          0          1          0       9330   timer.o

    ----------------------------------------------------------------------
      1062         84        248          8        512     153970   Object Totals
         0          0         32          0          0          0   (incl. Generated)
         6          0          0          3          0          0   (incl. Padding)

    ----------------------------------------------------------------------

      Code (inc. data)   RO Data    RW Data    ZI Data      Debug   Library Member Name

         0          0          0          0          0          0   entry.o
         0          0          0          0          0          0   entry10a.o
         0          0          0          0          0          0   entry11a.o
         8          4          0          0          0          0   entry2.o
         4          0          0          0          0          0   entry5.o
         0          0          0          0          0          0   entry7b.o
         0          0          0          0          0          0   entry8b.o
         8          4          0          0          0          0   entry9a.o
        30          0          0          0          0          0   handlers.o
        36          8          0          0          0         68   init.o
        36          0          0          0          0         60   memcpya.o

    ----------------------------------------------------------------------
       122         16          0          0          0        128   Library Totals
         0          0          0          0          0          0   (incl. Padding)

    ----------------------------------------------------------------------

      Code (inc. data)   RO Data    RW Data    ZI Data      Debug   Library Name

       122         16          0          0          0        128   mc_p.l

    ----------------------------------------------------------------------
       122         16          0          0          0        128   Library Totals

    ----------------------------------------------------------------------

==============================================================================


      Code (inc. data)   RO Data    RW Data    ZI Data      Debug   

      1184        100        248          8        512     152358   Grand Totals
      1184        100        248          8        512     152358   ELF Image Totals
      1184        100        248          8          0          0   ROM Totals

==============================================================================

    Total RO  Size (Code + RO Data)                 1432 (   1.40kB)
    Total RW  Size (RW Data + ZI Data)               520 (   0.51kB)
    Total ROM Size (Code + RO Data + RW Data)       1440 (   1.41kB)

==============================================================================

